This is pdfTeX, Version 3.14159265-2.6-1.40.16 (TeX Live 2015) (preloaded format=pdflatex 2016.5.19)  4 JUN 2016 13:24
entering extended mode
 restricted \write18 enabled.
 file:line:error style messages enabled.
 %&-line parsing enabled.
**acs-ReportSp16.bib
(./acs-ReportSp16.bib
LaTeX2e <2016/03/31>
Babel <3.9q> and hyphenation patterns for 81 language(s) loaded.

./acs-ReportSp16.bib:1: LaTeX Error: Missing \begin{document}.

See the LaTeX manual or LaTeX Companion for explanation.
Type  H <return>  for immediate help.
 ...                                              
                                                  
l.1 T
     his is an auxiliary file used by the `achemso' bundle.
? 
./acs-ReportSp16.bib:1: Emergency stop.
 ...                                              
                                                  
l.1 T
     his is an auxiliary file used by the `achemso' bundle.
You're in trouble here.  Try typing  <return>  to proceed.
If that doesn't work, type  X <return>  to quit.

 
Here is how much of TeX's memory you used:
 7 strings out of 493027
 292 string characters out of 6134069
 53546 words of memory out of 5000000
 3647 multiletter control sequences out of 15000+600000
 3640 words of font info for 14 fonts, out of 8000000 for 9000
 1141 hyphenation exceptions out of 8191
 5i,0n,4p,76b,14s stack positions out of 5000i,500n,10000p,200000b,80000s
./acs-ReportSp16.bib:1:  ==> Fatal error occurred, no output PDF file produced!

